
> health-fit-bot@0.1.0 build
> next build

Γû▓ Next.js 16.1.5 (Turbopack)
- Environments: .env.local

node.exe : ΓÜá The "middleware" file convention is deprecated. Please use "proxy" 
instead. Learn more: https://nextjs.org/docs/messages/middleware-to-proxy
At line:1 char:1
+ & "C:\Program Files\nodejs/node.exe" "C:\Program Files\nodejs/node_mo ...
+ ~~~~~~~~~~~~~~~~~~~~~~~~~~~~~~~~~~~~~~~~~~~~~~~~~~~~~~~~~~~~~~~~~~~~~
    + CategoryInfo          : NotSpecified: (ΓÜá The "middle...leware-to-proxy:Stri 
   ng) [], RemoteException
    + FullyQualifiedErrorId : NativeCommandError
 
  Creating an optimized production build ...
Γ£ô Compiled successfully in 9.6s
  Running TypeScript ...
Failed to compile.

./src/app/dashboard/nutrition/page.tsx:290:60
Type error: Parameter 'sum' implicitly has an 'any' type.

[0m [90m 288 |[39m                             [36mif[39m 
(items[33m.[39mlength [33m===[39m [35m0[39m) [36mreturn[39m [36mnull[39m
 [90m 289 |[39m
[31m[1m>[22m[39m[90m 290 |[39m                             [36mconst[39m 
mealCals [33m=[39m items[33m.[39mreduce((sum[33m,[39m i) [33m=>[39m sum 
[33m+[39m i[33m.[39mcalories[33m,[39m [35m0[39m)
 [90m     |[39m                                                            
[31m[1m^[22m[39m
 [90m 291 |[39m
 [90m 292 |[39m                             [36mreturn[39m (
 [90m 293 |[39m                                 [33m<[39m[33mdiv[39m 
key[33m=[39m{meal} className[33m=[39m[32m"rounded-xl border border-slate-200 
bg-white overflow-hidden shadow-sm"[39m[33m>[39m[0m
Next.js build worker exited with code: 1 and signal: null
